<div aria-checked="true" class="bg-gray-600 aria-checked:bg-sky-700">
</div>
