<div class="select2-dropdown p-3 shadow-xl">
</div>
