<div class="
  ml-4
  flex
  h-24
  border-2
  border-gray-300
  p-3
  text-gray-700
  shadow-md
">
</div>


<div class="
  ml-4 flex h-24 border-2
  border-gray-300 p-3 text-gray-700 shadow-md
">
</div>
