<details class="p-6 open:bg-white open:ring-black/5 dark:open:ring-white/10" open>
</details>
