<div class="scale-125 opacity-50 hover:scale-150 hover:opacity-75">
</div>

<div class="scale-125 opacity-50 hover:scale-150 focus:opacity-75">
</div>
