<span class="block text-sm font-medium text-slate-700 after:ml-0.5 after:text-red-500 after:content-['*']">
  Email
</span>

<span class="first-line:uppercase"></span>
