<div class="grid grid-cols-2 sm:grid-cols-3 lg:grid-cols-4">
</div>
