<button class="p-3 hover:before:bg-pink-500 dark:md:hover:bg-fuchsia-600">
  Save changes
</button>
