<div class="foo p-3 shadow-xl">
</div>
<div class="bar p-3 shadow-xl">
</div>
